<?xml version="1.0" encoding="UTF-8"?>
<Program bline="1" bpos="1" eline="21" epos="1">
    <MainMethod bline="1" bpos="1" eline="2" epos="1">
        <VarDeclList/>
        <StmList/>
    </MainMethod>
    <ClassDeclList>
        <ClassDecl bline="4" bpos="1" eline="16" epos="1">
            <IdExp id="TestClass_Immutable" bline="4" bpos="14" eline="4" epos="32"/>
            <VarDeclList>
                <VarDecl bline="5" bpos="5" eline="5" epos="10">
                    <Type typeKind="INT" bline="5" bpos="5" eline="5" epos="7"/>
                    <IdExp id="a" bline="5" bpos="9" eline="5" epos="9"/>
                </VarDecl>
                <VarDecl bline="6" bpos="5" eline="6" epos="22">
                    <Type typeKind="ARRAY" bline="6" bpos="5" eline="6" epos="9">
                        <Arity val="0" bline="6" bpos="8" eline="6" epos="8"/>
                    </Type>
                    <IdExp id="b" bline="6" bpos="11" eline="6" epos="11"/>
                    <IntInitList>
                        <IntExp val="1" bline="6" bpos="16" eline="6" epos="16"/>
                        <IntExp val="2" bline="6" bpos="18" eline="6" epos="18"/>
                        <IntExp val="3" bline="6" bpos="20" eline="6" epos="20"/>
                    </IntInitList>
                </VarDecl>
            </VarDeclList>
            <MethodDeclList>
                <MethodDecl bline="8" bpos="5" eline="10" epos="5">
                    <Type typeKind="CLASS" bline="8" bpos="12" eline="8" epos="36">
                        <IdExp id="TestClass_Immutable" bline="8" bpos="18" eline="8" epos="36"/>
                    </Type>
                    <IdExp id="test1" bline="8" bpos="38" eline="8" epos="42"/>
                    <FormalList>
                        <Formal bline="8" bpos="44" eline="8" epos="70">
                            <Type typeKind="CLASS" bline="8" bpos="44" eline="8" epos="68">
                                <IdExp id="TestClass_Immutable" bline="8" bpos="50" eline="8" epos="68"/>
                            </Type>
                            <IdExp bline="8" bpos="70" eline="8" epos="70" id="a"/>
                        </Formal>
                    </FormalList>
                    <VarDeclList>
                        <VarDecl bline="9" bpos="9" eline="9" epos="16">
                            <Type typeKind="ARRAY" bline="9" bpos="9" eline="9" epos="13">
                                <Arity val="0" bline="9" bpos="12" eline="9" epos="12"/>
                            </Type>
                            <IdExp id="a" bline="9" bpos="15" eline="9" epos="15"/>
                        </VarDecl>
                    </VarDeclList>
                    <StmList/>
                </MethodDecl>
                <MethodDecl bline="12" bpos="5" eline="15" epos="5">
                    <Type typeKind="INT" bline="12" bpos="12" eline="12" epos="14"/>
                    <IdExp id="f" bline="12" bpos="16" eline="12" epos="16"/>
                    <FormalList/>
                    <VarDeclList/>
                    <StmList>
                        <Assign bline="13" bpos="9" eline="13" epos="22">
                            <ArrayExp bline="13" bpos="9" eline="13" epos="17" s_kind="Value" typeKind="Int" lvalue="true">
                                <ClassVar bline="13" bpos="9" eline="13" epos="14" s_kind="Value" typeKind="IntArray" lvalue="true" arity="0">
                                    <This bline="13" bpos="9" eline="13" epos="12" s_kind="Value" typeKind="Class" lvalue="false" cid="TestClass_Immutable"/>
                                    <IdExp id="b" bline="13" bpos="14" eline="13" epos="14" s_kind="Value" typeKind="IntArray" lvalue="true" arity="0"/>
                                </ClassVar>
                                <IntExp bline="13" bpos="16" eline="13" epos="16" s_kind="Value" typeKind="Int" lvalue="false" val="1"/>
                            </ArrayExp>
                            <IntExp bline="13" bpos="21" eline="13" epos="21" s_kind="Value" typeKind="Int" lvalue="false" val="1"/>
                        </Assign>
                        <Assign bline="14" bpos="9" eline="14" epos="19">
                            <ClassVar bline="14" bpos="9" eline="14" epos="14" s_kind="Value" typeKind="Int" lvalue="true">
                                <This bline="14" bpos="9" eline="14" epos="12" s_kind="Value" typeKind="Class" lvalue="false" cid="TestClass_Immutable"/>
                                <IdExp id="a" bline="14" bpos="14" eline="14" epos="14" s_kind="Value" typeKind="Int" lvalue="true"/>
                            </ClassVar>
                            <IntExp bline="14" bpos="18" eline="14" epos="18" s_kind="Value" typeKind="Int" lvalue="false" val="1"/>
                        </Assign>
                    </StmList>
                </MethodDecl>
            </MethodDeclList>
        </ClassDecl>
        <ClassDecl bline="18" bpos="1" eline="21" epos="1">
            <IdExp id="A_Immutable" bline="18" bpos="14" eline="18" epos="24"/>
            <ExtendsId eid="TestClass_Immutable" bline="18" bpos="34" eline="18" epos="52"/>
            <VarDeclList>
                <VarDecl bline="19" bpos="4" eline="19" epos="9">
                    <Type typeKind="INT" bline="19" bpos="4" eline="19" epos="6"/>
                    <IdExp id="a" bline="19" bpos="8" eline="19" epos="8"/>
                </VarDecl>
                <VarDecl bline="20" bpos="4" eline="20" epos="31">
                    <Type typeKind="CLASS" bline="20" bpos="4" eline="20" epos="28">
                        <IdExp id="TestClass_Immutable" bline="20" bpos="10" eline="20" epos="28"/>
                    </Type>
                    <IdExp id="o" bline="20" bpos="30" eline="20" epos="30"/>
                </VarDecl>
            </VarDeclList>
            <MethodDeclList/>
        </ClassDecl>
    </ClassDeclList>
</Program>
